[INFO] Scanning for projects...
[INFO] 
[INFO] ------------------< com.hospital:hospital-management >------------------
[INFO] Building Hospital Management 1.0-SNAPSHOT
[INFO]   from pom.xml
[INFO] --------------------------------[ jar ]---------------------------------
[INFO] 
[INFO] --- resources:3.3.1:resources (default-resources) @ hospital-management ---
[INFO] Copying 1 resource from src\main\resources to target\classes
[INFO] 
[INFO] --- compiler:3.12.1:compile (default-compile) @ hospital-management ---
[INFO] Recompiling the module because of changed source code.
[INFO] Compiling 68 source files with javac [debug release 17] to target\classes
[INFO] -------------------------------------------------------------
[ERROR] COMPILATION ERROR : 
[INFO] -------------------------------------------------------------
[ERROR] /C:/Users/hp/stopis/window/BigProject/src/main/java/com/hospital/app/view/MainForm.java:[307,17] cannot find symbol
  symbol:   variable btnAddLDT
  location: class com.hospital.app.view.MainForm
[ERROR] /C:/Users/hp/stopis/window/BigProject/src/main/java/com/hospital/app/view/MainForm.java:[545,53] cannot find symbol
  symbol:   variable btnAddLDT
  location: class com.hospital.app.view.MainForm
[INFO] 2 errors 
[INFO] -------------------------------------------------------------
[INFO] ------------------------------------------------------------------------
[INFO] BUILD FAILURE
[INFO] ------------------------------------------------------------------------
[INFO] Total time:  4.150 s
[INFO] Finished at: 2026-04-04T23:18:23+07:00
[INFO] ------------------------------------------------------------------------
[ERROR] Failed to execute goal org.apache.maven.plugins:maven-compiler-plugin:3.12.1:compile (default-compile) on project hospital-management: Compilation failure: Compilation failure: 
[ERROR] /C:/Users/hp/stopis/window/BigProject/src/main/java/com/hospital/app/view/MainForm.java:[307,17] cannot find symbol
[ERROR]   symbol:   variable btnAddLDT
[ERROR]   location: class com.hospital.app.view.MainForm
[ERROR] /C:/Users/hp/stopis/window/BigProject/src/main/java/com/hospital/app/view/MainForm.java:[545,53] cannot find symbol
[ERROR]   symbol:   variable btnAddLDT
[ERROR]   location: class com.hospital.app.view.MainForm
[ERROR] -> [Help 1]
[ERROR] 
[ERROR] To see the full stack trace of the errors, re-run Maven with the -e switch.
[ERROR] Re-run Maven using the -X switch to enable full debug logging.
[ERROR] 
[ERROR] For more information about the errors and possible solutions, please read the following articles:
[ERROR] [Help 1] http://cwiki.apache.org/confluence/display/MAVEN/MojoFailureException
